<?xml version="1.0" encoding="UTF-8"?>
<testsuites name="jest tests" tests="1" failures="0" errors="0" time="5.487">
  <testsuite name="Button Component" errors="0" failures="0" skipped="0" timestamp="2023-08-19T07:58:27" time="4.928" tests="1">
    <testcase classname="Button Component renders button class" name="Button Component renders button class" time="0.202">
    </testcase>
  </testsuite>
</testsuites>